// Jest Snapshot v1, https://goo.gl/fbAQLP

exports[`App Component rendering should render 1`] = `
<div>
  <Connect(Navbar) />
  <styled.div />
  <Footer />
</div>
`;

exports[`Footer Component rendering should render as expected 1`] = `
<styled.div
  padding="20px"
>
  <styled.div />
  <styled.div
    gameFont={true}
    size="16px"
  >
    Made with 
    <Styled(FaIcon)
      className="terminal"
    />
     by lgosse and tbayet
  </styled.div>
</styled.div>
`;

exports[`Navbar Component rendering should render as expected 1`] = `
<styled.div>
  <styled.span>
    RED TETRIS
  </styled.span>
  <styled.div />
  <Link
    id="home-link"
    replace={false}
    to="/"
  >
    <styled.button>
      <i
        className="fa fa-home"
      />
       HOME
    </styled.button>
  </Link>
  <Link
    id="ranking-link"
    replace={false}
    to="ranking"
  >
    <styled.button>
      <i
        className="fa fa-trophy"
      />
       RANKING
    </styled.button>
  </Link>
  <Link
    id="new-game-link"
    replace={false}
    to="new-game"
  >
    <styled.button>
      <i
        className="fa fa-plus"
      />
       NEW GAME
    </styled.button>
  </Link>
</styled.div>
`;
